{"time": "2026-03-28 14:39:56,114", "level": "INFO", "module": "image_generator", "msg": "Starting image generation for pending pins..."}
{"time": "2026-03-28 14:39:56,146", "level": "INFO", "module": "image_generator", "msg": "No pins needing images right now."}
{"time": "2026-03-28 14:41:25,161", "level": "INFO", "module": "image_generator", "msg": "Starting image generation for pending pins..."}
{"time": "2026-03-28 14:41:25,333", "level": "INFO", "module": "image_generator", "msg": "Generating image for 'Slice of Heaven: Gluten-Free Bread You Can Enjoy' (Attempt 1/3)..."}
{"time": "2026-03-28 14:41:25,715", "level": "WARNING", "module": "image_generator", "msg": "Image generation failed: 404 NOT_FOUND. {'error': {'code': 404, 'message': 'models/imagen-3.0-generate-001 is not found for API version v1beta, or is not supported for predict. Call ListModels to see the list of available models and their supported methods.', 'status': 'NOT_FOUND'}}"}
{"time": "2026-03-28 14:41:26,718", "level": "INFO", "module": "image_generator", "msg": "Generating image for 'Slice of Heaven: Gluten-Free Bread You Can Enjoy' (Attempt 2/3)..."}
{"time": "2026-03-28 14:41:26,828", "level": "WARNING", "module": "image_generator", "msg": "Image generation failed: 404 NOT_FOUND. {'error': {'code': 404, 'message': 'models/imagen-3.0-generate-001 is not found for API version v1beta, or is not supported for predict. Call ListModels to see the list of available models and their supported methods.', 'status': 'NOT_FOUND'}}"}
{"time": "2026-03-28 14:41:28,830", "level": "INFO", "module": "image_generator", "msg": "Generating image for 'Slice of Heaven: Gluten-Free Bread You Can Enjoy' (Attempt 3/3)..."}
{"time": "2026-03-28 14:41:28,929", "level": "WARNING", "module": "image_generator", "msg": "Image generation failed: 404 NOT_FOUND. {'error': {'code': 404, 'message': 'models/imagen-3.0-generate-001 is not found for API version v1beta, or is not supported for predict. Call ListModels to see the list of available models and their supported methods.', 'status': 'NOT_FOUND'}}"}
{"time": "2026-03-28 14:41:32,933", "level": "ERROR", "module": "image_generator", "msg": "Failed to generate image after all retries."}
{"time": "2026-03-28 14:41:32,978", "level": "INFO", "module": "image_generator", "msg": "Generating image for 'Tantalizing Gluten-Free Taco Night Awaits You!' (Attempt 1/3)..."}
{"time": "2026-03-28 14:41:33,249", "level": "WARNING", "module": "image_generator", "msg": "Image generation failed: 404 NOT_FOUND. {'error': {'code': 404, 'message': 'models/imagen-3.0-generate-001 is not found for API version v1beta, or is not supported for predict. Call ListModels to see the list of available models and their supported methods.', 'status': 'NOT_FOUND'}}"}
{"time": "2026-03-28 14:41:34,251", "level": "INFO", "module": "image_generator", "msg": "Generating image for 'Tantalizing Gluten-Free Taco Night Awaits You!' (Attempt 2/3)..."}
{"time": "2026-03-28 14:41:34,355", "level": "WARNING", "module": "image_generator", "msg": "Image generation failed: 404 NOT_FOUND. {'error': {'code': 404, 'message': 'models/imagen-3.0-generate-001 is not found for API version v1beta, or is not supported for predict. Call ListModels to see the list of available models and their supported methods.', 'status': 'NOT_FOUND'}}"}
{"time": "2026-03-28 14:41:36,359", "level": "INFO", "module": "image_generator", "msg": "Generating image for 'Tantalizing Gluten-Free Taco Night Awaits You!' (Attempt 3/3)..."}
{"time": "2026-03-28 14:41:36,457", "level": "WARNING", "module": "image_generator", "msg": "Image generation failed: 404 NOT_FOUND. {'error': {'code': 404, 'message': 'models/imagen-3.0-generate-001 is not found for API version v1beta, or is not supported for predict. Call ListModels to see the list of available models and their supported methods.', 'status': 'NOT_FOUND'}}"}
{"time": "2026-03-28 14:41:40,459", "level": "ERROR", "module": "image_generator", "msg": "Failed to generate image after all retries."}
{"time": "2026-03-28 14:41:40,495", "level": "INFO", "module": "image_generator", "msg": "Generating image for 'Donut Worry, Be Gluten-Free: Delicious Treat Ahead!' (Attempt 1/3)..."}
{"time": "2026-03-28 14:41:40,820", "level": "WARNING", "module": "image_generator", "msg": "Image generation failed: 404 NOT_FOUND. {'error': {'code': 404, 'message': 'models/imagen-3.0-generate-001 is not found for API version v1beta, or is not supported for predict. Call ListModels to see the list of available models and their supported methods.', 'status': 'NOT_FOUND'}}"}
{"time": "2026-03-28 14:41:41,821", "level": "INFO", "module": "image_generator", "msg": "Generating image for 'Donut Worry, Be Gluten-Free: Delicious Treat Ahead!' (Attempt 2/3)..."}
{"time": "2026-03-28 14:41:41,904", "level": "WARNING", "module": "image_generator", "msg": "Image generation failed: 404 NOT_FOUND. {'error': {'code': 404, 'message': 'models/imagen-3.0-generate-001 is not found for API version v1beta, or is not supported for predict. Call ListModels to see the list of available models and their supported methods.', 'status': 'NOT_FOUND'}}"}
{"time": "2026-03-28 14:41:43,906", "level": "INFO", "module": "image_generator", "msg": "Generating image for 'Donut Worry, Be Gluten-Free: Delicious Treat Ahead!' (Attempt 3/3)..."}
{"time": "2026-03-28 14:41:44,019", "level": "WARNING", "module": "image_generator", "msg": "Image generation failed: 404 NOT_FOUND. {'error': {'code': 404, 'message': 'models/imagen-3.0-generate-001 is not found for API version v1beta, or is not supported for predict. Call ListModels to see the list of available models and their supported methods.', 'status': 'NOT_FOUND'}}"}
{"time": "2026-03-28 14:41:48,021", "level": "ERROR", "module": "image_generator", "msg": "Failed to generate image after all retries."}
{"time": "2026-03-28 14:42:28,868", "level": "INFO", "module": "image_generator", "msg": "Starting image generation for pending pins..."}
{"time": "2026-03-28 14:42:28,965", "level": "INFO", "module": "image_generator", "msg": "Generating image for 'Slice of Heaven: Gluten-Free Bread You Can Enjoy' (Attempt 1/3)..."}
{"time": "2026-03-28 14:42:29,219", "level": "WARNING", "module": "image_generator", "msg": "Image generation failed: 404 NOT_FOUND. {'error': {'code': 404, 'message': 'models/imagen-3.0-generate-001 is not found for API version v1beta, or is not supported for predict. Call ListModels to see the list of available models and their supported methods.', 'status': 'NOT_FOUND'}}"}
{"time": "2026-03-28 14:42:30,221", "level": "INFO", "module": "image_generator", "msg": "Generating image for 'Slice of Heaven: Gluten-Free Bread You Can Enjoy' (Attempt 2/3)..."}
{"time": "2026-03-28 14:42:30,307", "level": "WARNING", "module": "image_generator", "msg": "Image generation failed: 404 NOT_FOUND. {'error': {'code': 404, 'message': 'models/imagen-3.0-generate-001 is not found for API version v1beta, or is not supported for predict. Call ListModels to see the list of available models and their supported methods.', 'status': 'NOT_FOUND'}}"}
{"time": "2026-03-28 14:42:32,310", "level": "INFO", "module": "image_generator", "msg": "Generating image for 'Slice of Heaven: Gluten-Free Bread You Can Enjoy' (Attempt 3/3)..."}
{"time": "2026-03-28 14:42:32,380", "level": "WARNING", "module": "image_generator", "msg": "Image generation failed: 404 NOT_FOUND. {'error': {'code': 404, 'message': 'models/imagen-3.0-generate-001 is not found for API version v1beta, or is not supported for predict. Call ListModels to see the list of available models and their supported methods.', 'status': 'NOT_FOUND'}}"}
{"time": "2026-03-28 14:42:36,381", "level": "ERROR", "module": "image_generator", "msg": "Failed to generate image after all retries."}
{"time": "2026-03-28 14:42:36,430", "level": "INFO", "module": "image_generator", "msg": "Generating image for 'Tantalizing Gluten-Free Taco Night Awaits You!' (Attempt 1/3)..."}
{"time": "2026-03-28 14:42:37,405", "level": "WARNING", "module": "image_generator", "msg": "Image generation failed: 404 NOT_FOUND. {'error': {'code': 404, 'message': 'models/imagen-3.0-generate-001 is not found for API version v1beta, or is not supported for predict. Call ListModels to see the list of available models and their supported methods.', 'status': 'NOT_FOUND'}}"}
{"time": "2026-03-28 14:42:38,406", "level": "INFO", "module": "image_generator", "msg": "Generating image for 'Tantalizing Gluten-Free Taco Night Awaits You!' (Attempt 2/3)..."}
{"time": "2026-03-28 14:42:38,487", "level": "WARNING", "module": "image_generator", "msg": "Image generation failed: 404 NOT_FOUND. {'error': {'code': 404, 'message': 'models/imagen-3.0-generate-001 is not found for API version v1beta, or is not supported for predict. Call ListModels to see the list of available models and their supported methods.', 'status': 'NOT_FOUND'}}"}
{"time": "2026-03-28 14:42:40,488", "level": "INFO", "module": "image_generator", "msg": "Generating image for 'Tantalizing Gluten-Free Taco Night Awaits You!' (Attempt 3/3)..."}
{"time": "2026-03-28 14:42:40,569", "level": "WARNING", "module": "image_generator", "msg": "Image generation failed: 404 NOT_FOUND. {'error': {'code': 404, 'message': 'models/imagen-3.0-generate-001 is not found for API version v1beta, or is not supported for predict. Call ListModels to see the list of available models and their supported methods.', 'status': 'NOT_FOUND'}}"}
{"time": "2026-03-28 14:42:44,570", "level": "ERROR", "module": "image_generator", "msg": "Failed to generate image after all retries."}
{"time": "2026-03-28 14:42:44,620", "level": "INFO", "module": "image_generator", "msg": "Generating image for 'Donut Worry, Be Gluten-Free: Delicious Treat Ahead!' (Attempt 1/3)..."}
{"time": "2026-03-28 14:42:44,774", "level": "WARNING", "module": "image_generator", "msg": "Image generation failed: 404 NOT_FOUND. {'error': {'code': 404, 'message': 'models/imagen-3.0-generate-001 is not found for API version v1beta, or is not supported for predict. Call ListModels to see the list of available models and their supported methods.', 'status': 'NOT_FOUND'}}"}
{"time": "2026-03-28 14:42:45,776", "level": "INFO", "module": "image_generator", "msg": "Generating image for 'Donut Worry, Be Gluten-Free: Delicious Treat Ahead!' (Attempt 2/3)..."}
{"time": "2026-03-28 14:42:45,853", "level": "WARNING", "module": "image_generator", "msg": "Image generation failed: 404 NOT_FOUND. {'error': {'code': 404, 'message': 'models/imagen-3.0-generate-001 is not found for API version v1beta, or is not supported for predict. Call ListModels to see the list of available models and their supported methods.', 'status': 'NOT_FOUND'}}"}
{"time": "2026-03-28 14:42:47,855", "level": "INFO", "module": "image_generator", "msg": "Generating image for 'Donut Worry, Be Gluten-Free: Delicious Treat Ahead!' (Attempt 3/3)..."}
{"time": "2026-03-28 14:42:47,936", "level": "WARNING", "module": "image_generator", "msg": "Image generation failed: 404 NOT_FOUND. {'error': {'code': 404, 'message': 'models/imagen-3.0-generate-001 is not found for API version v1beta, or is not supported for predict. Call ListModels to see the list of available models and their supported methods.', 'status': 'NOT_FOUND'}}"}
{"time": "2026-03-28 14:42:51,937", "level": "ERROR", "module": "image_generator", "msg": "Failed to generate image after all retries."}
